cmake : -- GLOB mismatch!
At line:2 char:1
+ cmake --build build -j 1 *> build_output.log; Write-Output $LASTEXITC ...
+ ~~~~~~~~~~~~~~~~~~~~~~~~~~~~~~~~~~~~~~~~~~~~
    + CategoryInfo          : NotSpecified: (-- GLOB mismatch!:String) [], RemoteException
    + FullyQualifiedErrorId : NativeCommandError
 
The following files were added:
  +C:/Users/Drew/Downloads/NeoTerritory/Project/Modules/Header/SyntacticBrokenAST/lexical_structure_hooks.hpp
-- GLOB mismatch!
The following files were added:
  +C:/Users/Drew/Downloads/NeoTerritory/Project/Modules/Source/SyntacticBrokenAST/lexical_structure_hooks.cpp
-- Configuring done (1.0s)
-- Generating done (0.2s)
-- Build files have been written to: C:/Users/Drew/Downloads/NeoTerritory/build
[  4%] Building CXX object CMakeFiles/NeoTerritory.dir/Project/Layer/Back_system/syntacticBrokenAST.cpp.obj
make[2]: *** [CMakeFiles/NeoTerritory.dir/build.make:95: 
CMakeFiles/NeoTerritory.dir/Project/Layer/Back_system/syntacticBrokenAST.cpp.obj] Error 1
make[1]: *** [CMakeFiles/Makefile2:87: CMakeFiles/NeoTerritory.dir/all] Error 2
make: *** [Makefile:91: all] Error 2
